<a href="https://qualtive.io/" style="color:#000">
  Link
</a>
