<!DOCTYPE html>
<html>
  <head>
    <meta charset="utf-8" />
    <meta content="text/html charset=UTF-8" http-equiv="Content-Type" />
    <meta content="width=device-width,initial-scale=1.0" name="viewport" />
    <meta content="light dark" name="color-scheme" />
    <meta content="light dark" name="supported-color-schemes" />
<style>
  .ExternalClass {width:100%;}
  ._d {
    display: none !important;
  }
  .EmailTests_37:hover {
    color: #00f !important;
  }
  .EmailTests_42:hover {
    border-radius: 50px !important;
  }

  @media (prefers-color-scheme: dark) {
  ._d {
      display: unset !important;
    }
  ._l {
      display: none !important;
    }
  body {
      background: #000 !important;
      color: #fff !important;
    }
  }
</style>
  </head>
  <body style="background:#fff;color:#000;font-family:-apple-system, system-ui, BlinkMacSystemFont, 'Segoe UI', Roboto, 'Helvetica Neue', Arial, sans-serif;font-size:16px;font-weight:400;margin:0">
    <table border="0" cellpadding="0" cellspacing="0" data-tag="VStack" width="100%">
      <tr>
        <td height="20"></td>
      </tr>
      <tr align="center">
        <td width="20"></td>
        <td>
          <table border="0" cellpadding="0" cellspacing="0" style="max-width:700px" width="100%">
            <tr align="left">
              <td>
                <table border="0" cellpadding="0" cellspacing="0" data-tag="HStack">
                  <tr>
                    <td valign="top">
                      This is a text.
                    </td>
                    <td width="10"></td>
                    <td valign="top">
                      <table border="0" cellpadding="0" cellspacing="0" class="EmailTests_42" data-tag="padding" style="background:#0f0;border-radius:10px">
                        <tr>
                          <td height="20"></td>
                        </tr>
                        <tr>
                          <td width="20"></td>
                          <td>
                            <i>
                              <b class="EmailTests_37" style="background:#f00;color:#000;font-size:16px;font-weight:700;font-family:-apple-system, system-ui, BlinkMacSystemFont, 'Segoe UI', Roboto, 'Helvetica Neue', Arial, sans-serif;font-style:italic">
                                Hover me
                              </b>
                            </i>
                          </td>
                          <td width="20"></td>
                        </tr>
                        <tr>
                          <td height="20"></td>
                        </tr>
                      </table>
                    </td>
                  </tr>
                </table>
              </td>
            </tr>
            <tr>
              <td height="10"></td>
            </tr>
            <tr align="left">
              <td>
                This is a text on another row.
              </td>
            </tr>
            <tr>
              <td height="10"></td>
            </tr>
            <tr align="left">
              <td>
                <hr style="border:0;border-top:1px solid #D6D3D4" />
              </td>
            </tr>
            <tr>
              <td height="10"></td>
            </tr>
            <tr align="left">
              <td>
                <img class="_l" height="28" src="https://static.qualtive.io/notifier/logo_2x.png?v2" srcset="https://static.qualtive.io/notifier/logo.png?v2 1x, https://static.qualtive.io/notifier/logo_2x.png?v2 2x, https://static.qualtive.io/notifier/logo_3x.png?v2 3x" />
                <img class="_d" height="28" src="https://static.qualtive.io/notifier/logo-dark_2x.png?v2" srcset="https://static.qualtive.io/notifier/logo-dark.png?v2 1x, https://static.qualtive.io/notifier/logo-dark_2x.png?v2 2x, https://static.qualtive.io/notifier/logo-dark_3x.png?v2 3x" />
              </td>
            </tr>
          </table>
        </td>
        <td width="20"></td>
      </tr>
      <tr>
        <td height="20"></td>
      </tr>
    </table>
  </body>
</html>
