This is a text. Hover me
This is a text on another row.