<!DOCTYPE html>
<html>
  <head>
    <meta charset="utf-8" />
    <meta content="text/html charset=UTF-8" http-equiv="Content-Type" />
    <meta content="width=device-width,initial-scale=1.0" name="viewport" />
    <meta content="light dark" name="color-scheme" />
    <meta content="light dark" name="supported-color-schemes" />
<style>
  .ExternalClass {width:100%;}

  @media (prefers-color-scheme: dark) {
  .DividerTests_18 {
      border-top-color: #fff !important;
    }
  body {
      background: #000 !important;
      color: #fff !important;
    }
  }
</style>
  </head>
  <body style="background:#fff;color:#000;font-family:-apple-system, system-ui, BlinkMacSystemFont, 'Segoe UI', Roboto, 'Helvetica Neue', Arial, sans-serif;font-size:16px;font-weight:400;margin:0">
    <hr class="DividerTests_18" style="border:0;border-top:1px solid #000" />
  </body>
</html>
