<!DOCTYPE html>
<html>
  <head>
    <meta charset="utf-8" />
    <meta content="text/html charset=UTF-8" http-equiv="Content-Type" />
    <meta content="width=device-width,initial-scale=1.0" name="viewport" />
    <meta content="light dark" name="color-scheme" />
    <meta content="light dark" name="supported-color-schemes" />
<style>
  .ExternalClass {width:100%;}
  ._d {
    display: none !important;
  }

  @media (prefers-color-scheme: dark) {
  ._d {
      display: unset !important;
    }
  ._l {
      display: none !important;
    }
  body {
      background: #000 !important;
      color: #fff !important;
    }
  }
</style>
  </head>
  <body style="background:#fff;color:#000;font-family:-apple-system, system-ui, BlinkMacSystemFont, 'Segoe UI', Roboto, 'Helvetica Neue', Arial, sans-serif;font-size:16px;font-weight:400;margin:0">
    <img class="_l" src="https://static.qualtive.io/notifier/logo_2x.png?v2" srcset="https://static.qualtive.io/notifier/logo.png?v2 1x, https://static.qualtive.io/notifier/logo_2x.png?v2 2x, https://static.qualtive.io/notifier/logo_3x.png?v2 3x" />
    <img class="_d" src="https://static.qualtive.io/notifier/logo-dark_2x.png?v2" srcset="https://static.qualtive.io/notifier/logo-dark.png?v2 1x, https://static.qualtive.io/notifier/logo-dark_2x.png?v2 2x, https://static.qualtive.io/notifier/logo-dark_3x.png?v2 3x" />
  </body>
</html>
