<img src="https://static.qualtive.io/notifier/logo.png" style="border:1px solid #f00" />
