<img src="https://static.qualtive.io/notifier/logo.png" />
