<img height="200" src="https://static.qualtive.io/notifier/logo.png" width="500" />
