<img height="200" src="https://static.qualtive.io/notifier/logo.png" style="object-fit:cover" width="500" />
